$ python3 tools/testrun.py tests
ok test_window.test_a_window_keeps_only_its_last_values
ok test_window.test_a_window_knows_when_it_is_full
ok test_window.test_a_window_of_zero_is_refused_at_construction
ok test_window.test_an_empty_window_refuses_rather_than_inventing_a_number
ok test_window.test_the_mean_is_over_what_is_there
ok test_window.test_the_peak_is_the_largest_value_still_in_the_window

6 tests passed, 0 failed

$ python3 bench/run.py
pushed 200000 values, summary 199983.250
bench.total_ms 13.838 ms lower
bench.push_ns 69.192 ns lower

$ python3 bench/run.py
pushed 200000 values, summary 199983.250
bench.total_ms 12.867 ms lower
bench.push_ns 64.333 ns lower

$ python3 bench/run.py
pushed 200000 values, summary 199983.250
bench.total_ms 12.874 ms lower
bench.push_ns 64.372 ns lower
